
                  X           uniformSSunload 

                0.                 0.         
               10.E-03          -149.069E-09  
               20.E-03          -298.138E-09  
               30.E-03          -447.207E-09  
               40.E-03          -596.276E-09  
               50.E-03          -745.346E-09  
               60.E-03          -894.415E-09  
               70.E-03            -1.04348E-06
               80.E-03            -1.19255E-06
               90.E-03            -1.34162E-06
              100.E-03            -1.49069E-06
              110.E-03            -1.63976E-06
              120.E-03            -1.78883E-06
              130.E-03            -1.9379E-06 
              140.E-03            -2.08697E-06
              150.E-03            -2.23604E-06
              160.E-03            -2.38511E-06
              170.E-03            -2.53418E-06
              180.E-03            -2.68324E-06
              190.E-03            -2.83231E-06
              200.E-03            -2.98138E-06
              210.E-03            -3.13045E-06
              220.E-03            -3.27952E-06
              230.E-03            -3.42859E-06
              240.E-03            -3.57766E-06
              250.E-03            -3.72673E-06
              260.E-03            -3.8758E-06 
              270.E-03            -4.02487E-06
              280.E-03            -4.17394E-06
              290.E-03            -4.323E-06  
              300.E-03            -4.47207E-06
              310.E-03            -4.62114E-06
              320.E-03            -4.77021E-06
              330.E-03            -4.91928E-06
              340.E-03            -5.06835E-06
              350.E-03            -5.21742E-06
              360.E-03            -5.36649E-06
              370.E-03            -5.51556E-06
              380.E-03            -5.66463E-06
              390.E-03            -5.8137E-06 
              400.E-03            -5.96277E-06
              410.E-03            -6.11183E-06
              420.E-03            -6.2609E-06 
              430.E-03            -6.40997E-06
              440.E-03            -6.55904E-06
              450.E-03            -6.70811E-06
              460.E-03            -6.85718E-06
              470.E-03            -7.00625E-06
              480.E-03            -7.15532E-06
              490.E-03            -7.30439E-06
              500.E-03            -7.45346E-06
              510.E-03            -7.60253E-06
              520.E-03            -7.7516E-06 
              530.E-03            -7.90066E-06
              540.E-03            -8.04973E-06
              550.E-03            -8.1988E-06 
              560.E-03            -8.34786E-06
              570.E-03            -8.49675E-06
              580.E-03            -8.64527E-06
              590.E-03            -8.7932E-06 
              600.E-03            -8.94033E-06
              610.E-03            -9.08646E-06
              620.E-03            -9.2314E-06 
              630.E-03            -9.37494E-06
              640.E-03            -9.51691E-06
              650.E-03            -9.65712E-06
              660.E-03            -9.79539E-06
              670.E-03            -9.93155E-06
              680.E-03           -10.0654E-06 
              690.E-03           -10.1969E-06 
              700.E-03           -10.3257E-06 
              710.E-03           -10.4518E-06 
              720.E-03           -10.575E-06  
              730.E-03           -10.6952E-06 
              740.E-03           -10.8122E-06 
              750.E-03           -10.9259E-06 
              760.E-03           -11.0361E-06 
              770.E-03           -11.1428E-06 
              780.E-03           -11.2458E-06 
              790.E-03           -11.345E-06  
              800.E-03           -11.4403E-06 
              810.E-03           -11.5316E-06 
              820.E-03           -11.6188E-06 
              830.E-03           -11.7019E-06 
              840.E-03           -11.7806E-06 
              850.E-03           -11.855E-06  
              860.E-03           -11.925E-06  
              870.E-03           -11.9904E-06 
              880.E-03           -12.0513E-06 
              890.E-03           -12.1075E-06 
              900.E-03           -12.159E-06  
              910.E-03           -12.2058E-06 
              920.E-03           -12.2478E-06 
              930.E-03           -12.285E-06  
              940.E-03           -12.3172E-06 
              950.E-03           -12.3446E-06 
              960.E-03           -12.367E-06  
              970.E-03           -12.3845E-06 
              980.E-03           -12.397E-06  
              990.E-03           -12.4045E-06 
                1.               -12.407E-06  
                1.01             -12.4045E-06 
                1.02             -12.397E-06  
                1.03             -12.3845E-06 
                1.04             -12.367E-06  
                1.05             -12.3446E-06 
                1.06             -12.3172E-06 
                1.07             -12.285E-06  
                1.08             -12.2478E-06 
                1.09             -12.2058E-06 
                1.1              -12.159E-06  
                1.11             -12.1075E-06 
                1.12             -12.0513E-06 
                1.13             -11.9904E-06 
                1.14             -11.925E-06  
                1.15             -11.855E-06  
                1.16             -11.7806E-06 
                1.17             -11.7019E-06 
                1.18             -11.6188E-06 
                1.19             -11.5316E-06 
                1.2              -11.4403E-06 
                1.21             -11.345E-06  
                1.22             -11.2458E-06 
                1.23             -11.1428E-06 
                1.24             -11.0361E-06 
                1.25             -10.9258E-06 
                1.26             -10.8122E-06 
                1.27             -10.6952E-06 
                1.28             -10.575E-06  
                1.29             -10.4518E-06 
                1.3              -10.3257E-06 
                1.31             -10.1969E-06 
                1.32             -10.0654E-06 
                1.33              -9.93155E-06
                1.34              -9.79539E-06
                1.35              -9.65711E-06
                1.36              -9.51691E-06
                1.37              -9.37494E-06
                1.38              -9.23139E-06
                1.39              -9.08646E-06
                1.4               -8.94033E-06
                1.41              -8.7932E-06 
                1.42              -8.64527E-06
                1.43              -8.49675E-06
                1.44              -8.34785E-06
                1.45              -8.1988E-06 
                1.46              -8.04973E-06
                1.47              -7.90066E-06
                1.48              -7.75159E-06
                1.49              -7.60252E-06
                1.5               -7.45345E-06
                1.51              -7.30438E-06
                1.52              -7.15532E-06
                1.53              -7.00625E-06
                1.54              -6.85718E-06
                1.55              -6.70811E-06
                1.56              -6.55904E-06
                1.57              -6.40997E-06
                1.58              -6.2609E-06 
                1.59              -6.11183E-06
                1.6               -5.96276E-06
                1.61              -5.81369E-06
                1.62              -5.66462E-06
                1.63              -5.51555E-06
                1.64              -5.36649E-06
                1.65              -5.21742E-06
                1.66              -5.06835E-06
                1.67              -4.91928E-06
                1.68              -4.77021E-06
                1.69              -4.62114E-06
                1.7               -4.47207E-06
                1.71              -4.323E-06  
                1.72              -4.17393E-06
                1.73              -4.02486E-06
                1.74              -3.87579E-06
                1.75              -3.72673E-06
                1.76              -3.57766E-06
                1.77              -3.42859E-06
                1.78              -3.27952E-06
                1.79              -3.13045E-06
                1.8               -2.98138E-06
                1.81              -2.83231E-06
                1.82              -2.68324E-06
                1.83              -2.53417E-06
                1.84              -2.3851E-06 
                1.85              -2.23604E-06
                1.86              -2.08697E-06
                1.87              -1.9379E-06 
                1.88              -1.78883E-06
                1.89              -1.63976E-06
                1.9               -1.49069E-06
                1.91              -1.34162E-06
                1.92              -1.19255E-06
                1.93              -1.04348E-06
                1.94            -894.413E-09  
                1.95            -745.344E-09  
                1.96            -596.276E-09  
                1.97            -447.207E-09  
                1.98            -298.138E-09  
                1.99            -149.069E-09  
                2.                 0.         




